// Jest Snapshot v1, https://goo.gl/fbAQLP

exports[`TextSelector component renders a TextSelector 1`] = `
<p>
  this is text i promise
</p>
`;
